// Jest Snapshot v1, https://goo.gl/fbAQLP

exports[`ImageTextOverlap component renders with correct styling and all values 1`] = `
.c0 {
  position: relative;
  width: 242px;
  height: 150px;
  margin: 5px 10px 5px 0;
}

.c1 {
  position: absolute;
  width: 100%;
  height: 100%;
}

.c2 {
  position: absolute;
  background-color: white;
  padding: 6px;
  top: 12px;
  left: 0;
  box-sizing: border-box;
  color: red;
  margin: 0;
  font-size: 0.9em;
  font-weight: 500;
}

<div>
  <div
    class="c0"
  >
    <img
      alt="An image of foo"
      class="c1"
      src="https://foo.com"
    />
    <p
      class="c2"
    >
      Grab the latest deals!
    </p>
  </div>
</div>
`;
