// Jest Snapshot v1, https://goo.gl/fbAQLP

exports[`Hotel Card component renders with the correct values through props 1`] = `
.c1 {
  position: relative;
  width: 242px;
  height: 150px;
  margin: 5px 10px 5px 0;
}

.c2 {
  position: absolute;
  width: 100%;
  height: 100%;
}

.c3 {
  position: absolute;
  background-color: white;
  padding: 6px;
  top: 12px;
  left: 0;
  box-sizing: border-box;
  color: red;
  margin: 0;
  font-size: 0.9em;
  font-weight: 500;
}

.c7 {
  display: inline-block;
  font-size: 1.5rem;
  font-family: Times;
  line-height: 1;
}

.c7:before {
  content: '●●●●●';
  -webkit-letter-spacing: 1px;
  -moz-letter-spacing: 1px;
  -ms-letter-spacing: 1px;
  letter-spacing: 1px;
  background: linear-gradient(90deg,gold 100%,grey 100%);
  -webkit-background-clip: text;
  -webkit-text-fill-color: transparent;
}

.c0 {
  display: -webkit-box;
  display: -webkit-flex;
  display: -ms-flexbox;
  display: flex;
  -webkit-flex-direction: row;
  -ms-flex-direction: row;
  flex-direction: row;
  position: relative;
  box-sizing: border-box;
}

.c8 {
  display: -webkit-box;
  display: -webkit-flex;
  display: -ms-flexbox;
  display: flex;
  -webkit-flex-direction: column;
  -ms-flex-direction: column;
  flex-direction: column;
  position: relative;
  box-sizing: border-box;
}

.c4 {
  margin: 0;
  background-color: #cbcaca;
  border: 0;
  height: 1px;
}

.c5 {
  display: -webkit-box;
  display: -webkit-flex;
  display: -ms-flexbox;
  display: flex;
  -webkit-flex-direction: row;
  -ms-flex-direction: row;
  flex-direction: row;
  width: 70%;
  padding-top: 20px;
}

.c6 {
  white-space: nowrap;
  text-overflow: ellipsis;
  overflow: hidden;
  margin: 0;
  padding-right: 8px;
}

.c9 {
  color: #999999;
  margin: 0;
  font-size: 0.8rem;
}

.c10 {
  position: absolute;
  bottom: 18px;
  -webkit-text-decoration: underline;
  text-decoration: underline;
  color: #e40000;
  font-size: 0.8rem;
  margin: 0;
}

.c11 {
  font-size: 2rem;
  color: #3f3f3f;
  font-weight: 200;
  padding: 4px 0;
  margin: 0;
}

.c11:before {
  content: '$';
  font-size: 1.15rem;
  vertical-align: 60%;
  padding-right: 2px;
}

.c12 {
  font-size: 1rem;
  color: #e40000;
  margin: 0;
}

.c12:after {
  content: '~';
  font-size: 0.8rem;
  vertical-align: 25%;
  padding-left: 1px;
}

.c13 {
  position: absolute;
  margin: 0;
  bottom: 8px;
  color: #35a509;
  font-size: 0.8rem;
}

<div>
  <div
    class="c0"
    direction="row"
    style="padding-bottom: 5px;"
  >
    <div
      class="c1"
    >
      <img
        alt="Image of Primus Hotel Sydney"
        class="c2"
        src="https://mockUrl.com"
      />
      <p
        class="c3"
      >
        Exclusive Deal
      </p>
    </div>
    <div
      style="width: 100%; padding: 0px 10px;"
    >
      <hr
        class="c4"
      />
      <div
        class="c5"
      >
        <h2
          class="c6"
        >
          Primus Hotel Sydney
        </h2>
        <div
          class="c7"
        />
      </div>
      <div
        class="c0"
        direction="row"
        style="min-height: 116px;"
      >
        <div
          class="c8"
          direction="column"
          style="max-height: 70px; padding-top: 4px; width: 50%;"
        >
          <p
            class="c9"
            data-testid="hotel-address-text"
          >
            339 Pitt St, Sydney
          </p>
          <p
            class="c10"
          >
            Deluxe King
          </p>
        </div>
        <div
          class="c8"
          direction="column"
          style="align-items: flex-end; padding-top: 28px; width: 50%;"
        >
          <p
            class="c9"
            data-testid="hotel-night-total-text"
          >
            1 night total (
            AUD
            )
          </p>
          <p
            class="c11"
            data-testid="hotel-price-text"
          >
            375
          </p>
          <p
            class="c12"
            data-testid="hotel-savings-text"
          >
            Save $
            28
          </p>
        </div>
      </div>
      <p
        class="c13"
        data-testid="hotel-free-cancellation"
      >
        Free Cancellation
      </p>
    </div>
  </div>
</div>
`;
