// Jest Snapshot v1, https://goo.gl/fbAQLP

exports[`renders the application without crashing 1`] = `
<div>
  <div
    style="width: 70%; margin: 0px auto;"
  >
    <header
      style="padding: 20px 0px;"
    >
      <img
        alt="Qantas logo"
        src="qantas-logo.png"
        width="200px"
      />
    </header>
    <div />
  </div>
</div>
`;
