// Jest Snapshot v1, https://goo.gl/fbAQLP

exports[`HotelsList container renders the hotels list in the order of API response 1`] = `
.c1 {
  position: relative;
  width: 242px;
  height: 150px;
  margin: 5px 10px 5px 0;
}

.c2 {
  position: absolute;
  width: 100%;
  height: 100%;
}

.c3 {
  position: absolute;
  background-color: white;
  padding: 6px;
  top: 12px;
  left: 0;
  box-sizing: border-box;
  color: red;
  margin: 0;
  font-size: 0.9em;
  font-weight: 500;
}

.c7 {
  display: inline-block;
  font-size: 1.5rem;
  font-family: Times;
  line-height: 1;
}

.c7:before {
  content: '●●●●●';
  -webkit-letter-spacing: 1px;
  -moz-letter-spacing: 1px;
  -ms-letter-spacing: 1px;
  letter-spacing: 1px;
  background: linear-gradient(90deg,gold 90%,grey 90%);
  -webkit-background-clip: text;
  -webkit-text-fill-color: transparent;
}

.c13 {
  display: inline-block;
  font-size: 1rem;
  font-family: Times;
  line-height: 1;
}

.c13:before {
  content: '★★★★★';
  -webkit-letter-spacing: 3px;
  -moz-letter-spacing: 3px;
  -ms-letter-spacing: 3px;
  letter-spacing: 3px;
  background: linear-gradient(90deg,gold 100%,grey 100%);
  -webkit-background-clip: text;
  -webkit-text-fill-color: transparent;
}

.c0 {
  display: -webkit-box;
  display: -webkit-flex;
  display: -ms-flexbox;
  display: flex;
  -webkit-flex-direction: row;
  -ms-flex-direction: row;
  flex-direction: row;
  position: relative;
  box-sizing: border-box;
}

.c8 {
  display: -webkit-box;
  display: -webkit-flex;
  display: -ms-flexbox;
  display: flex;
  -webkit-flex-direction: column;
  -ms-flex-direction: column;
  flex-direction: column;
  position: relative;
  box-sizing: border-box;
}

.c4 {
  margin: 0;
  background-color: #cbcaca;
  border: 0;
  height: 1px;
}

.c5 {
  display: -webkit-box;
  display: -webkit-flex;
  display: -ms-flexbox;
  display: flex;
  -webkit-flex-direction: row;
  -ms-flex-direction: row;
  flex-direction: row;
  width: 70%;
  padding-top: 20px;
}

.c6 {
  white-space: nowrap;
  text-overflow: ellipsis;
  overflow: hidden;
  margin: 0;
  padding-right: 8px;
}

.c9 {
  color: #999999;
  margin: 0;
  font-size: 0.8rem;
}

.c10 {
  position: absolute;
  bottom: 18px;
  -webkit-text-decoration: underline;
  text-decoration: underline;
  color: #e40000;
  font-size: 0.8rem;
  margin: 0;
}

.c11 {
  font-size: 2rem;
  color: #3f3f3f;
  font-weight: 200;
  padding: 4px 0;
  margin: 0;
}

.c11:before {
  content: '$';
  font-size: 1.15rem;
  vertical-align: 60%;
  padding-right: 2px;
}

.c12 {
  font-size: 1rem;
  color: #e40000;
  margin: 0;
}

.c12:after {
  content: '~';
  font-size: 0.8rem;
  vertical-align: 25%;
  padding-left: 1px;
}

.c14 {
  position: absolute;
  margin: 0;
  bottom: 8px;
  color: #35a509;
  font-size: 0.8rem;
}

<div>
  <div
    style="display: flex;"
  >
    <div
      data-testid="hotel-results-summary"
      style="padding: 10px; width: 50%;"
    >
      <b>
        2
      </b>
       
      <i>
        hotels in
      </i>
       
      <b>
        Sydney
      </b>
    </div>
    <div
      style="padding: 10px; width: 50%; justify-content: flex-end; display: flex;"
    >
      <p
        style="margin: 0px; padding-right: 4px;"
      >
        Sort by
      </p>
      <select
        data-testid="hotel-sort-selector"
      >
        <option
          disabled=""
          hidden=""
          selected=""
          value="default"
        >
          Default
        </option>
        <option
          data-testid="PRICE_LOW_HIGH"
          value="PRICE_LOW_HIGH"
        >
          Price low-high
        </option>
        <option
          data-testid="PRICE_HIGH_LOW"
          value="PRICE_HIGH_LOW"
        >
          Price high-low
        </option>
      </select>
    </div>
  </div>
  <div
    class="c0"
    data-testid="hotel-card-item"
    direction="row"
    style="padding-bottom: 5px;"
  >
    <div
      class="c1"
    >
      <img
        alt="Image of Courtyard by Marriott Sydney-North Ryde"
        class="c2"
        src="https://unsplash.it/145/125/?random"
      />
      <p
        class="c3"
      >
        Exclusive Deal
      </p>
    </div>
    <div
      style="width: 100%; padding: 0px 10px;"
    >
      <hr
        class="c4"
      />
      <div
        class="c5"
      >
        <h2
          class="c6"
          data-testid="hotel-name"
        >
          Courtyard by Marriott Sydney-North Ryde
        </h2>
        <div
          class="c7"
        />
      </div>
      <div
        class="c0"
        direction="row"
        style="min-height: 116px;"
      >
        <div
          class="c8"
          direction="column"
          style="max-height: 70px; padding-top: 4px; width: 50%;"
        >
          <p
            class="c9"
            data-testid="hotel-address-text"
          >
            7-11 Talavera Rd, North Ryde
          </p>
          <p
            class="c10"
          >
            Deluxe Balcony Room
          </p>
        </div>
        <div
          class="c8"
          direction="column"
          style="align-items: flex-end; padding-top: 28px; width: 50%;"
        >
          <p
            class="c9"
            data-testid="hotel-night-total-text"
          >
            1 night total (
            AUD
            )
          </p>
          <p
            class="c11"
            data-testid="hotel-price-text"
          >
            329
          </p>
          <p
            class="c12"
            data-testid="hotel-savings-text"
          >
            Save $
            30
          </p>
        </div>
      </div>
    </div>
  </div>
  <div
    class="c0"
    data-testid="hotel-card-item"
    direction="row"
    style="padding-bottom: 5px;"
  >
    <div
      class="c1"
    >
      <img
        alt="Image of Primus Hotel Sydney"
        class="c2"
        src="https://unsplash.it/145/126/?random"
      />
      <p
        class="c3"
      >
        Exclusive Deal
      </p>
    </div>
    <div
      style="width: 100%; padding: 0px 10px;"
    >
      <hr
        class="c4"
      />
      <div
        class="c5"
      >
        <h2
          class="c6"
          data-testid="hotel-name"
        >
          Primus Hotel Sydney
        </h2>
        <div
          class="c13"
        />
      </div>
      <div
        class="c0"
        direction="row"
        style="min-height: 116px;"
      >
        <div
          class="c8"
          direction="column"
          style="max-height: 70px; padding-top: 4px; width: 50%;"
        >
          <p
            class="c9"
            data-testid="hotel-address-text"
          >
            339 Pitt St, Sydney
          </p>
          <p
            class="c10"
          >
            Deluxe King
          </p>
        </div>
        <div
          class="c8"
          direction="column"
          style="align-items: flex-end; padding-top: 28px; width: 50%;"
        >
          <p
            class="c9"
            data-testid="hotel-night-total-text"
          >
            1 night total (
            AUD
            )
          </p>
          <p
            class="c11"
            data-testid="hotel-price-text"
          >
            375
          </p>
          <p
            class="c12"
            data-testid="hotel-savings-text"
          >
            Save $
            28
          </p>
        </div>
      </div>
      <p
        class="c14"
        data-testid="hotel-free-cancellation"
      >
        Free Cancellation
      </p>
    </div>
  </div>
</div>
`;
